../Core/Src/main.c:59:5:__io_putchar	16	static
../Core/Src/main.c:65:6:jumpAssembly	16	static,ignoring_inline_asm
../Core/Src/main.c:70:6:print_continuously	8	static
../Core/Src/main.c:76:6:print_one	4	static,ignoring_inline_asm
../Core/Src/main.c:80:6:print_two	4	static,ignoring_inline_asm
../Core/Src/main.c:84:6:print_thread1_again	16	static
../Core/Src/main.c:93:6:print_thread2_again	16	static
../Core/Src/main.c:103:6:thread_function_1	16	static
../Core/Src/main.c:118:6:yielding_thread	24	static
../Core/Src/main.c:126:6:pre_emptive_thread	16	static
../Core/Src/main.c:138:5:main	24	static
../Core/Src/main.c:198:6:SystemClock_Config	88	static
../Core/Src/main.c:245:13:MX_USART2_UART_Init	8	static
../Core/Src/main.c:278:13:MX_GPIO_Init	48	static
../Core/Src/main.c:318:6:Error_Handler	4	static,ignoring_inline_asm
